<?xml version="1.0" encoding="UTF-8"?>
<testsuites name="jest tests" tests="5" failures="0" errors="0" time="5.128">
  <testsuite name="AlertBox Component" errors="0" failures="0" skipped="0" timestamp="2023-04-05T19:03:39" time="2.16" tests="5">
    <testcase classname="AlertBox Component Should get good styling and correct message" name="AlertBox Component Should get good styling and correct message" time="0.011">
    </testcase>
    <testcase classname="AlertBox Component Should get attention styling and correct message" name="AlertBox Component Should get attention styling and correct message" time="0.002">
    </testcase>
    <testcase classname="AlertBox Component Should get warning styling and correct message" name="AlertBox Component Should get warning styling and correct message" time="0.002">
    </testcase>
    <testcase classname="AlertBox Component Should contain alert action - dismiss" name="AlertBox Component Should contain alert action - dismiss" time="0.003">
    </testcase>
    <testcase classname="AlertBox Component Should contain alert confirmation" name="AlertBox Component Should contain alert confirmation" time="0.002">
    </testcase>
  </testsuite>
</testsuites>